Screen.hpp:104:18:virtual void touchgfx::Screen::afterTransition()	0	static
Screen.hpp:154:18:virtual void touchgfx::Screen::handleKeyEvent(uint8_t)	0	static
Screen1View.hpp:11:13:Screen1View::~Screen1View()	0	static
Screen1View.hpp:20:18:virtual void Screen1View::saveSettings()	0	static
Screen1View.cpp:17:6:virtual void Screen1View::tearDownScreen()	0	static
Screen1View.cpp:9:6:virtual void Screen1View::setupScreen()	8	static
Screen1View.cpp:22:6:virtual void Screen1View::buttonUpClick()	8	static
Screen1View.cpp:31:6:virtual void Screen1View::buttonDownClick()	8	static
Screen1View.hpp:11:13:virtual Screen1View::~Screen1View()	8	static
Screen1View.cpp:40:6:virtual void Screen1View::handleTickEvent()	8	static
Screen1View.cpp:4:1:Screen1View::Screen1View()	8	static
Screen1View.cpp:52:6:void Screen1View::toggleSwLed()	8	static
